2026-08-18 22:18:06,560 WARNING database DDL Query made to DB:
create table `tabPerson` (
			name varchar(140) primary key,
			creation datetime(6),
			modified datetime(6),
			modified_by varchar(140),
			owner varchar(140),
			docstatus tinyint not null default '0',
			idx int not null default '0',
			`first_name` varchar(140),
`last_name` varchar(140),
`date_of_birth` date,
`gender` varchar(140),
`contact_number` varchar(140),
`email` varchar(140),
`preferred_language` varchar(140),
`location` text,
`notes` text,
`_user_tags` text,
`_comments` text,
`_assign` text,
`_liked_by` text,
index creation(creation),
index modified(modified))
			ENGINE=InnoDB
			ROW_FORMAT=DYNAMIC
			CHARACTER SET=utf8mb4
			COLLATE=utf8mb4_unicode_ci
2026-08-18 22:18:06,635 WARNING database DDL Query made to DB:
create table `tabCase Note` (
			name varchar(140) primary key,
			creation datetime(6),
			modified datetime(6),
			modified_by varchar(140),
			owner varchar(140),
			docstatus tinyint not null default '0',
			idx int not null default '0',
			`case` varchar(140),
`note_type` varchar(140) DEFAULT 'General',
`visible_to_role` varchar(140),
`created_by` varchar(140) DEFAULT 'session:user',
`created_on` datetime(6),
`content` longtext,
`_user_tags` text,
`_comments` text,
`_assign` text,
`_liked_by` text,
index creation(creation))
			ENGINE=InnoDB
			ROW_FORMAT=DYNAMIC
			CHARACTER SET=utf8mb4
			COLLATE=utf8mb4_unicode_ci
2026-08-18 22:18:06,701 WARNING database DDL Query made to DB:
create table `tabOrganization` (
			name varchar(140) primary key,
			creation datetime(6),
			modified datetime(6),
			modified_by varchar(140),
			owner varchar(140),
			docstatus tinyint not null default '0',
			idx int not null default '0',
			`organization_name` varchar(140) UNIQUE,
`type` varchar(140),
`contact` varchar(140),
`location` text,
`notes` text,
`_user_tags` text,
`_comments` text,
`_assign` text,
`_liked_by` text,
index creation(creation),
index modified(modified))
			ENGINE=InnoDB
			ROW_FORMAT=DYNAMIC
			CHARACTER SET=utf8mb4
			COLLATE=utf8mb4_unicode_ci
2026-08-18 22:18:06,917 WARNING database DDL Query made to DB:
create table `tabCase` (
			name varchar(140) primary key,
			creation datetime(6),
			modified datetime(6),
			modified_by varchar(140),
			owner varchar(140),
			docstatus tinyint not null default '0',
			idx int not null default '0',
			`title` varchar(140),
`case_type` varchar(140),
`priority` varchar(140) DEFAULT 'Medium',
`workflow_state` varchar(140),
`sla_status` varchar(140) DEFAULT 'On Track',
`person` varchar(140),
`assigned_officer` varchar(140),
`confidentiality_level` varchar(140) DEFAULT 'Standard',
`opened_date` date,
`target_resolution_date` date,
`description` longtext,
`_user_tags` text,
`_comments` text,
`_assign` text,
`_liked_by` text,
index creation(creation),
index modified(modified))
			ENGINE=InnoDB
			ROW_FORMAT=DYNAMIC
			CHARACTER SET=utf8mb4
			COLLATE=utf8mb4_unicode_ci
2026-08-18 22:20:48,231 WARNING database Couldn't set session time zone 'NoneType' object has no attribute 'get'
